// Jest Snapshot v1, https://goo.gl/fbAQLP

exports[`should successful render ListItems 1`] = `
<table
  className="table table-bordered table-hover"
>
  <thead
    className="thead-light"
  >
    <tr>
      <ListSortButton
        key="Id"
        name="Id"
      />
      <ListSortButton
        key="Name"
        name="Name"
      />
      <ListSortButton
        key="Species"
        name="Species"
      />
      <ListSortButton
        key="Gender"
        name="Gender"
      />
      <ListSortButton
        key="Homeworld"
        name="Homeworld"
      />
      <ListSortButton
        key="Actions"
        name="Actions"
      />
    </tr>
  </thead>
  <tbody>
    <ListItem
      character={
        Object {
          "gender": "male",
          "homeworld": "Tatooine",
          "id": 1,
          "name": "Luke Skywalker",
          "species": "Human",
        }
      }
      key="Luke Skywalker1"
    />
    <ListItem
      character={
        Object {
          "gender": "n/a",
          "homeworld": "Tatooine",
          "id": 2,
          "name": "C-3PO",
          "species": "Droid",
        }
      }
      key="C-3PO2"
    />
  </tbody>
</table>
`;
