// Jest Snapshot v1, https://goo.gl/fbAQLP

exports[`should successful render ListItems 1`] = `
<table
  className="table table-bordered table-hover"
>
  <thead
    className="thead-light"
  >
    <tr>
      <th
        scope="col"
      >
        Id
      </th>
      <th
        scope="col"
      >
        Name
      </th>
      <th
        scope="col"
      >
        Species
      </th>
      <th
        scope="col"
      >
        Gender
      </th>
      <th
        scope="col"
      >
        Homeworld
      </th>
      <th
        scope="col"
      >
        Actions
      </th>
    </tr>
  </thead>
  <tbody>
    <tr
      key="Luke Skywalker"
    >
      <th
        scope="row"
      >
        1
      </th>
      <td>
        Luke Skywalker
      </td>
      <td>
        Human
      </td>
      <td>
        male
      </td>
      <td>
        Tatooine
      </td>
      <td>
        <div
          aria-label="Actions"
          className="btn-group btn-group-sm"
          role="group"
        >
          <button
            className="btn btn-secondary"
            type="button"
          >
            <i
              aria-hidden="true"
              className="fa fa-pencil"
            />
             Edit
          </button>
          <button
            className="btn btn-danger"
            type="button"
          >
            <i
              aria-hidden="true"
              className="fa fa-trash-o"
            />
             Remove
          </button>
        </div>
      </td>
    </tr>
    <tr
      key="C-3PO"
    >
      <th
        scope="row"
      >
        2
      </th>
      <td>
        C-3PO
      </td>
      <td>
        Droid
      </td>
      <td>
        n/a
      </td>
      <td>
        Tatooine
      </td>
      <td>
        <div
          aria-label="Actions"
          className="btn-group btn-group-sm"
          role="group"
        >
          <button
            className="btn btn-secondary"
            type="button"
          >
            <i
              aria-hidden="true"
              className="fa fa-pencil"
            />
             Edit
          </button>
          <button
            className="btn btn-danger"
            type="button"
          >
            <i
              aria-hidden="true"
              className="fa fa-trash-o"
            />
             Remove
          </button>
        </div>
      </td>
    </tr>
  </tbody>
</table>
`;
