// Jest Snapshot v1, https://goo.gl/fbAQLP

exports[`should successful render SearchInput 1`] = `
<div
  className="form-group"
>
  <label
    className="sr-only"
    htmlFor="searchInput"
  >
    Search characters...
  </label>
  <input
    className="form-control"
    id="searchInput"
    onChange={[Function]}
    placeholder="Search characters..."
    type="search"
  />
</div>
`;
