// Jest Snapshot v1, https://goo.gl/fbAQLP

exports[`should successful render Select 1`] = `
<Select
  handleChange={[Function]}
  id="character-species"
  isValid={true}
  label="Choose character species"
  options={
    Array [
      "Option1",
      "Option2",
      "Option3",
    ]
  }
  validate={[Function]}
  value=""
/>
`;
