// Jest Snapshot v1, https://goo.gl/fbAQLP

exports[`should successful render Select 1`] = `
<div
  className="form-group"
>
  <label
    htmlFor="character-species"
  >
    Choose character species
  </label>
  <select
    className="form-control "
    id="character-species"
    name="character-species"
    onChange={[MockFunction]}
  >
    <option
      value=""
    >
      --Please choose an option--
    </option>
    <option
      key="species0"
      value="Option1"
    >
      Option1
    </option>
    <option
      key="species1"
      value="Option2"
    >
      Option2
    </option>
    <option
      key="species2"
      value="Option3"
    >
      Option3
    </option>
  </select>
  <div
    className="invalid-feedback"
  />
</div>
`;
